// Jest Snapshot v1, https://goo.gl/fbAQLP

exports[`snapshot mached 1`] = `ShallowWrapper {}`;
